#name "test5.cl"
#1 ERROR "Unmatched *)"
#7 ERROR "EOF in comment"
