"bad.cl", line 6: syntax error at or near OBJECTID = b
"bad.cl", line 10: syntax error at or near OBJECTID = a
"bad.cl", line 14: syntax error at or near OBJECTID = inherts
"bad.cl", line 19: syntax error at or near ';'
"bad.cl", line 23: syntax error at or near ','
"bad.cl", line 24: syntax error at or near ';'
"bad.cl", line 25: syntax error at or near ','
"bad.cl", line 26: syntax error at or near '}'
"bad.cl", line 27: syntax error at or near '.'
"bad.cl", line 32: syntax error at or near TYPEID = Y
"bad.cl", line 33: syntax error at or near OBJECTID = int
"bad.cl", line 35: syntax error at or near '}'
"bad.cl", line 42: syntax error at or near LE
"bad.cl", line 46: syntax error at or near ';'
"bad.cl", line 50: syntax error at or near LOOP
"bad.cl", line 51: syntax error at or near INT_CONST = 1
"bad.cl", line 52: syntax error at or near POOL
"bad.cl", line 56: syntax error at or near '}'
"bad.cl", line 60: syntax error at or near IN
"bad.cl", line 61: syntax error at or near OBJECTID = int
"bad.cl", line 66: syntax error at or near ';'
"bad.cl", line 67: syntax error at or near OBJECTID = a
"bad.cl", line 68: syntax error at or near OBJECTID = b
"bad.cl", line 69: syntax error at or near TYPEID = A
"bad.cl", line 73: syntax error at or near '+'
Compilation halted due to lex and parse errors
